2026-09-05 19:48:42.008 INFO  o.h.validator.internal.util.Version - HV000001: Hibernate Validator 8.0.3.Final
2026-09-05 19:48:42.081 INFO  c.gestion.eventos.api.ApiApplication - Starting ApiApplication using Java 24.0.1 with PID 30556 (D:\Francis\PROYECTOS\Pry_technologyInt_Eventos\api-eventos-tech-main\target\classes started by franc in D:\Francis\PROYECTOS\Pry_technologyInt_Eventos\api-eventos-tech-main)
2026-09-05 19:48:42.082 DEBUG c.gestion.eventos.api.ApiApplication - Running with Spring Boot v3.5.6, Spring v6.2.11
2026-09-05 19:48:42.083 INFO  c.gestion.eventos.api.ApiApplication - The following 1 profile is active: "dev"
2026-09-05 19:48:43.804 INFO  o.s.d.r.c.RepositoryConfigurationDelegate - Bootstrapping Spring Data JPA repositories in DEFAULT mode.
2026-09-05 19:48:43.960 INFO  o.s.d.r.c.RepositoryConfigurationDelegate - Finished Spring Data repository scanning in 135 ms. Found 5 JPA repository interfaces.
2026-09-05 19:48:44.968 INFO  o.s.b.w.e.tomcat.TomcatWebServer - Tomcat initialized with port 8080 (http)
2026-09-05 19:48:44.993 INFO  o.a.coyote.http11.Http11NioProtocol - Initializing ProtocolHandler ["http-nio-8080"]
2026-09-05 19:48:44.996 INFO  o.a.catalina.core.StandardService - Starting service [Tomcat]
2026-09-05 19:48:44.996 INFO  o.a.catalina.core.StandardEngine - Starting Servlet engine: [Apache Tomcat/10.1.46]
2026-09-05 19:48:45.103 INFO  o.a.c.c.C.[Tomcat].[localhost].[/] - Initializing Spring embedded WebApplicationContext
2026-09-05 19:48:45.104 INFO  o.s.b.w.s.c.ServletWebServerApplicationContext - Root WebApplicationContext: initialization completed in 2959 ms
2026-09-05 19:48:45.409 INFO  o.h.jpa.internal.util.LogHelper - HHH000204: Processing PersistenceUnitInfo [name: default]
2026-09-05 19:48:45.515 INFO  org.hibernate.Version - HHH000412: Hibernate ORM core version 6.6.29.Final
2026-09-05 19:48:45.596 INFO  o.h.c.i.RegionFactoryInitiator - HHH000026: Second-level cache disabled
2026-09-05 19:48:46.059 INFO  o.s.o.j.p.SpringPersistenceUnitInfo - No LoadTimeWeaver setup: ignoring JPA class transformer
2026-09-05 19:48:46.114 INFO  com.zaxxer.hikari.HikariDataSource - HikariPool-1 - Starting...
2026-09-05 19:48:47.255 INFO  com.zaxxer.hikari.pool.HikariPool - HikariPool-1 - Added connection org.postgresql.jdbc.PgConnection@17f41739
2026-09-05 19:48:47.256 INFO  com.zaxxer.hikari.HikariDataSource - HikariPool-1 - Start completed.
2026-09-05 19:48:47.652 INFO  o.hibernate.orm.connections.pooling - HHH10001005: Database info:
	Database JDBC URL [Connecting through datasource 'HikariDataSource (HikariPool-1)']
	Database driver: undefined/unknown
	Database version: 18.6
	Autocommit mode: undefined/unknown
	Isolation level: undefined/unknown
	Minimum pool size: undefined/unknown
	Maximum pool size: undefined/unknown
2026-09-05 19:48:48.869 INFO  o.h.e.t.j.p.i.JtaPlatformInitiator - HHH000489: No JTA platform available (set 'hibernate.transaction.jta.platform' to enable JTA platform integration)
2026-09-05 19:48:50.938 INFO  o.s.o.j.LocalContainerEntityManagerFactoryBean - Initialized JPA EntityManagerFactory for persistence unit 'default'
2026-09-05 19:48:51.478 DEBUG c.g.e.a.s.j.JwtAuthenticationFilter - Filter 'jwtAuthenticationFilter' configured for use
2026-09-05 19:48:51.635 INFO  o.s.d.j.r.query.QueryEnhancerFactory - Hibernate is in classpath; If applicable, HQL parser will be used.
2026-09-05 19:48:52.569 INFO  o.s.s.c.a.a.c.InitializeUserDetailsBeanManagerConfigurer$InitializeUserDetailsManagerConfigurer - Global AuthenticationManager configured with UserDetailsService bean with name userDetailsServiceImpl
2026-09-05 19:48:52.743 WARN  o.s.b.a.o.j.JpaBaseConfiguration$JpaWebConfiguration - spring.jpa.open-in-view is enabled by default. Therefore, database queries may be performed during view rendering. Explicitly configure spring.jpa.open-in-view to disable this warning
2026-09-05 19:48:53.714 INFO  o.a.coyote.http11.Http11NioProtocol - Starting ProtocolHandler ["http-nio-8080"]
2026-09-05 19:48:53.753 INFO  o.s.b.w.e.tomcat.TomcatWebServer - Tomcat started on port 8080 (http) with context path '/'
2026-09-05 19:48:53.764 INFO  c.gestion.eventos.api.ApiApplication - Started ApiApplication in 12.71 seconds (process running for 13.574)
2026-09-05 19:49:16.312 INFO  o.s.b.w.e.tomcat.GracefulShutdown - Commencing graceful shutdown. Waiting for active requests to complete
2026-09-05 19:49:16.331 INFO  o.s.b.w.e.tomcat.GracefulShutdown - Graceful shutdown complete
2026-09-05 19:49:16.337 INFO  o.s.o.j.LocalContainerEntityManagerFactoryBean - Closing JPA EntityManagerFactory for persistence unit 'default'
2026-09-05 19:49:16.340 INFO  com.zaxxer.hikari.HikariDataSource - HikariPool-1 - Shutdown initiated...
2026-09-05 19:49:17.025 INFO  com.zaxxer.hikari.HikariDataSource - HikariPool-1 - Shutdown completed.
