2026-09-04 09:44:17.711 INFO  o.h.validator.internal.util.Version - HV000001: Hibernate Validator 8.0.3.Final
2026-09-04 09:44:17.782 INFO  c.gestion.eventos.api.ApiApplication - Starting ApiApplication using Java 24.0.1 with PID 11244 (D:\Francis\PROYECTOS\Pry_technologyInt_Eventos\api-eventos-tech-main\target\classes started by franc in D:\Francis\PROYECTOS\Pry_technologyInt_Eventos\api-eventos-tech-main)
2026-09-04 09:44:17.782 DEBUG c.gestion.eventos.api.ApiApplication - Running with Spring Boot v3.5.6, Spring v6.2.11
2026-09-04 09:44:17.783 INFO  c.gestion.eventos.api.ApiApplication - The following 1 profile is active: "dev"
2026-09-04 09:44:19.431 INFO  o.s.d.r.c.RepositoryConfigurationDelegate - Bootstrapping Spring Data JPA repositories in DEFAULT mode.
2026-09-04 09:44:19.557 INFO  o.s.d.r.c.RepositoryConfigurationDelegate - Finished Spring Data repository scanning in 111 ms. Found 5 JPA repository interfaces.
2026-09-04 09:44:20.530 INFO  o.s.b.w.e.tomcat.TomcatWebServer - Tomcat initialized with port 8080 (http)
2026-09-04 09:44:20.560 INFO  o.a.coyote.http11.Http11NioProtocol - Initializing ProtocolHandler ["http-nio-8080"]
2026-09-04 09:44:20.563 INFO  o.a.catalina.core.StandardService - Starting service [Tomcat]
2026-09-04 09:44:20.564 INFO  o.a.catalina.core.StandardEngine - Starting Servlet engine: [Apache Tomcat/10.1.46]
2026-09-04 09:44:20.682 INFO  o.a.c.c.C.[Tomcat].[localhost].[/] - Initializing Spring embedded WebApplicationContext
2026-09-04 09:44:20.683 INFO  o.s.b.w.s.c.ServletWebServerApplicationContext - Root WebApplicationContext: initialization completed in 2843 ms
2026-09-04 09:44:20.914 INFO  o.h.jpa.internal.util.LogHelper - HHH000204: Processing PersistenceUnitInfo [name: default]
2026-09-04 09:44:21.032 INFO  org.hibernate.Version - HHH000412: Hibernate ORM core version 6.6.29.Final
2026-09-04 09:44:21.104 INFO  o.h.c.i.RegionFactoryInitiator - HHH000026: Second-level cache disabled
2026-09-04 09:44:21.571 INFO  o.s.o.j.p.SpringPersistenceUnitInfo - No LoadTimeWeaver setup: ignoring JPA class transformer
2026-09-04 09:44:21.631 INFO  com.zaxxer.hikari.HikariDataSource - HikariPool-1 - Starting...
2026-09-04 09:44:23.303 INFO  com.zaxxer.hikari.pool.HikariPool - HikariPool-1 - Added connection org.postgresql.jdbc.PgConnection@45b27ad3
2026-09-04 09:44:23.304 INFO  com.zaxxer.hikari.HikariDataSource - HikariPool-1 - Start completed.
2026-09-04 09:44:23.758 INFO  o.hibernate.orm.connections.pooling - HHH10001005: Database info:
	Database JDBC URL [Connecting through datasource 'HikariDataSource (HikariPool-1)']
	Database driver: undefined/unknown
	Database version: 18.6
	Autocommit mode: undefined/unknown
	Isolation level: undefined/unknown
	Minimum pool size: undefined/unknown
	Maximum pool size: undefined/unknown
2026-09-04 09:44:24.942 INFO  o.h.e.t.j.p.i.JtaPlatformInitiator - HHH000489: No JTA platform available (set 'hibernate.transaction.jta.platform' to enable JTA platform integration)
2026-09-04 09:44:27.414 INFO  o.s.o.j.LocalContainerEntityManagerFactoryBean - Initialized JPA EntityManagerFactory for persistence unit 'default'
2026-09-04 09:44:27.864 DEBUG c.g.e.a.s.j.JwtAuthenticationFilter - Filter 'jwtAuthenticationFilter' configured for use
2026-09-04 09:44:28.012 INFO  o.s.d.j.r.query.QueryEnhancerFactory - Hibernate is in classpath; If applicable, HQL parser will be used.
2026-09-04 09:44:28.760 INFO  o.s.s.c.a.a.c.InitializeUserDetailsBeanManagerConfigurer$InitializeUserDetailsManagerConfigurer - Global AuthenticationManager configured with UserDetailsService bean with name userDetailsServiceImpl
2026-09-04 09:44:28.923 WARN  o.s.b.a.o.j.JpaBaseConfiguration$JpaWebConfiguration - spring.jpa.open-in-view is enabled by default. Therefore, database queries may be performed during view rendering. Explicitly configure spring.jpa.open-in-view to disable this warning
2026-09-04 09:44:29.828 INFO  o.a.coyote.http11.Http11NioProtocol - Starting ProtocolHandler ["http-nio-8080"]
2026-09-04 09:44:29.859 INFO  o.s.b.w.e.tomcat.TomcatWebServer - Tomcat started on port 8080 (http) with context path '/'
2026-09-04 09:44:29.872 INFO  c.gestion.eventos.api.ApiApplication - Started ApiApplication in 13.097 seconds (process running for 13.933)
2026-09-04 10:37:05.903 INFO  o.a.c.c.C.[Tomcat].[localhost].[/] - Initializing Spring DispatcherServlet 'dispatcherServlet'
2026-09-04 10:37:05.906 INFO  o.s.web.servlet.DispatcherServlet - Initializing Servlet 'dispatcherServlet'
2026-09-04 10:37:05.918 INFO  o.s.web.servlet.DispatcherServlet - Completed initialization in 12 ms
2026-09-04 10:37:07.472 INFO  o.s.api.AbstractOpenApiResource - Init duration for springdoc-openapi is: 940 ms
2026-09-04 10:38:12.259 INFO  c.g.e.api.controller.EventController - Recibida solicitud GET /events con nombre 'null' y paginación Page request [number: 0, size 10, sort: name: ASC].
2026-09-04 10:38:13.430 DEBUG c.g.e.api.controller.EventController - Devolviendo 61 eventos paginados.
2026-09-04 10:38:13.433 WARN  o.s.d.w.c.SpringDataJacksonConfiguration$PageModule$WarningLoggingModifier - Serializing PageImpl instances as-is is not supported, meaning that there is no guarantee about the stability of the resulting JSON structure!
	For a stable JSON structure, please use Spring Data's PagedModel (globally via @EnableSpringDataWebSupport(pageSerializationMode = VIA_DTO))
	or Spring HATEOAS and Spring Data's PagedResourcesAssembler as documented in https://docs.spring.io/spring-data/commons/reference/repositories/core-extensions.html#core.web.pageables.

2026-09-04 10:38:19.360 INFO  c.g.e.api.controller.EventController - Recibida solicitud GET /events con nombre 'null' y paginación Page request [number: 0, size 100, sort: name: ASC].
2026-09-04 10:38:24.002 DEBUG c.g.e.api.controller.EventController - Devolviendo 61 eventos paginados.
2026-09-04 10:40:02.799 INFO  c.g.e.api.controller.EventController - Recibida solicitud GET /events con nombre 'null' y paginación Page request [number: 0, size 10, sort: name: ASC].
2026-09-04 10:40:03.944 DEBUG c.g.e.api.controller.EventController - Devolviendo 61 eventos paginados.
2026-09-04 10:40:24.043 INFO  c.g.e.api.controller.EventController - Recibida solicitud GET /events con nombre 'null' y paginación Page request [number: 0, size 10, sort: name: ASC].
2026-09-04 10:40:24.992 DEBUG c.g.e.api.controller.EventController - Devolviendo 7 eventos paginados.
2026-09-04 10:40:29.850 INFO  c.g.e.api.controller.EventController - Recibida solicitud GET /events con nombre 'null' y paginación Page request [number: 0, size 100, sort: name: ASC].
2026-09-04 10:40:30.711 DEBUG c.g.e.api.controller.EventController - Devolviendo 7 eventos paginados.
2026-09-04 11:04:51.621 INFO  c.g.e.api.controller.EventController - Recibida solicitud GET /events con nombre 'null' y paginación Page request [number: 0, size 10, sort: name: ASC].
2026-09-04 11:04:52.745 DEBUG c.g.e.api.controller.EventController - Devolviendo 61 eventos paginados.
2026-09-04 11:05:33.918 INFO  c.g.e.api.controller.EventController - Recibida solicitud GET /events con nombre 'null' y paginación Page request [number: 0, size 10, sort: name: ASC].
2026-09-04 11:05:34.969 DEBUG c.g.e.api.controller.EventController - Devolviendo 61 eventos paginados.
2026-09-04 11:05:56.116 INFO  c.g.e.api.controller.EventController - Recibida solicitud GET /events con nombre 'null' y paginación Page request [number: 1, size 10, sort: name: ASC].
2026-09-04 11:05:57.499 DEBUG c.g.e.api.controller.EventController - Devolviendo 61 eventos paginados.
2026-09-04 11:06:10.040 INFO  c.g.e.api.controller.EventController - Recibida solicitud GET /events con nombre 'null' y paginación Page request [number: 0, size 10, sort: name: ASC].
2026-09-04 11:06:11.094 DEBUG c.g.e.api.controller.EventController - Devolviendo 16 eventos paginados.
2026-09-04 11:06:18.753 INFO  c.g.e.api.controller.EventController - Recibida solicitud GET /events con nombre 'null' y paginación Page request [number: 1, size 10, sort: name: ASC].
2026-09-04 11:06:19.545 DEBUG c.g.e.api.controller.EventController - Devolviendo 16 eventos paginados.
2026-09-04 11:06:25.356 INFO  c.g.e.api.controller.EventController - Recibida solicitud GET /events con nombre 'null' y paginación Page request [number: 0, size 100, sort: name: ASC].
2026-09-04 11:06:26.801 DEBUG c.g.e.api.controller.EventController - Devolviendo 16 eventos paginados.
2026-09-04 11:08:42.153 INFO  c.g.e.api.controller.EventController - Recibida solicitud GET /events con nombre 'null' y paginación Page request [number: 0, size 10, sort: name: ASC].
2026-09-04 11:08:43.189 DEBUG c.g.e.api.controller.EventController - Devolviendo 61 eventos paginados.
2026-09-04 11:09:05.099 INFO  c.g.e.api.controller.EventController - Recibida solicitud GET /events con nombre 'null' y paginación Page request [number: 0, size 10, sort: name: ASC].
2026-09-04 11:09:06.141 DEBUG c.g.e.api.controller.EventController - Devolviendo 61 eventos paginados.
2026-09-04 11:28:42.392 INFO  c.g.e.api.controller.EventController - Recibida solicitud GET /events con nombre 'null' y paginación Page request [number: 0, size 10, sort: name: ASC].
2026-09-04 11:28:43.483 DEBUG c.g.e.api.controller.EventController - Devolviendo 61 eventos paginados.
2026-09-04 11:38:33.910 INFO  c.g.e.api.controller.EventController - Recibida solicitud GET /events con nombre 'null' y paginación Page request [number: 0, size 10, sort: name: ASC].
2026-09-04 11:38:34.976 DEBUG c.g.e.api.controller.EventController - Devolviendo 61 eventos paginados.
2026-09-04 11:38:41.961 INFO  c.g.e.api.controller.EventController - Recibida solicitud GET /events con nombre 'null' y paginación Page request [number: 0, size 10, sort: name: ASC].
2026-09-04 11:38:43.010 DEBUG c.g.e.api.controller.EventController - Devolviendo 61 eventos paginados.
2026-09-04 11:50:31.708 INFO  c.g.e.api.controller.EventController - Recibida solicitud GET /events con nombre 'null' y paginación Page request [number: 0, size 10, sort: name: ASC].
2026-09-04 11:50:32.765 DEBUG c.g.e.api.controller.EventController - Devolviendo 61 eventos paginados.
2026-09-04 11:51:12.789 INFO  c.g.e.api.controller.EventController - Recibida solicitud GET /events con nombre 'null' y paginación Page request [number: 0, size 10, sort: name: ASC].
2026-09-04 11:51:13.831 DEBUG c.g.e.api.controller.EventController - Devolviendo 61 eventos paginados.
2026-09-04 11:51:25.797 INFO  c.g.e.api.controller.EventController - Recibida solicitud GET /events con nombre 'null' y paginación Page request [number: 0, size 10, sort: name: ASC].
2026-09-04 11:51:26.837 DEBUG c.g.e.api.controller.EventController - Devolviendo 61 eventos paginados.
2026-09-04 11:52:42.196 INFO  c.g.e.api.controller.EventController - Recibida solicitud GET /events con nombre 'null' y paginación Page request [number: 0, size 10, sort: name: ASC].
2026-09-04 11:52:43.272 DEBUG c.g.e.api.controller.EventController - Devolviendo 61 eventos paginados.
2026-09-04 11:53:12.887 INFO  c.g.e.api.controller.EventController - Recibida solicitud GET /events con nombre 'null' y paginación Page request [number: 0, size 10, sort: name: ASC].
2026-09-04 11:53:13.973 DEBUG c.g.e.api.controller.EventController - Devolviendo 61 eventos paginados.
2026-09-04 12:00:59.554 INFO  c.g.e.api.controller.EventController - Recibida solicitud GET /events con nombre 'null' y paginación Page request [number: 0, size 10, sort: name: ASC].
2026-09-04 12:01:00.734 DEBUG c.g.e.api.controller.EventController - Devolviendo 61 eventos paginados.
2026-09-04 12:01:17.239 INFO  c.g.e.api.controller.EventController - Recibida solicitud GET /events con nombre 'null' y paginación Page request [number: 0, size 10, sort: name: ASC].
2026-09-04 12:01:18.094 DEBUG c.g.e.api.controller.EventController - Devolviendo 7 eventos paginados.
2026-09-04 12:01:45.435 INFO  c.g.e.api.controller.EventController - Recibida solicitud GET /events con nombre 'null' y paginación Page request [number: 0, size 100, sort: name: ASC].
2026-09-04 12:01:46.287 DEBUG c.g.e.api.controller.EventController - Devolviendo 7 eventos paginados.
2026-09-04 12:03:03.827 INFO  c.g.e.api.controller.EventController - Recibida solicitud GET /events con nombre 'null' y paginación Page request [number: 0, size 10, sort: name: ASC].
2026-09-04 12:03:04.955 DEBUG c.g.e.api.controller.EventController - Devolviendo 61 eventos paginados.
2026-09-04 12:28:11.237 INFO  o.s.b.w.e.tomcat.GracefulShutdown - Commencing graceful shutdown. Waiting for active requests to complete
2026-09-04 12:28:11.249 INFO  o.s.b.w.e.tomcat.GracefulShutdown - Graceful shutdown complete
2026-09-04 12:28:11.257 INFO  o.s.o.j.LocalContainerEntityManagerFactoryBean - Closing JPA EntityManagerFactory for persistence unit 'default'
2026-09-04 12:28:11.262 INFO  com.zaxxer.hikari.HikariDataSource - HikariPool-1 - Shutdown initiated...
2026-09-04 12:28:11.904 INFO  com.zaxxer.hikari.HikariDataSource - HikariPool-1 - Shutdown completed.
